GITä½¿ç”¨ by wooght 2017

-----------------------------------------------------------
å®‰è£…git
	yum install git

å·²å®‰è£…:
  git.x86_64 0:1.8.3.1-12.el7_4

ä½œä¸ºä¾èµ–è¢«å®‰è£…:
  perl-Error.noarch 1:0.17020-2.el7           perl-Git.noarch 0:1.8.3.1-12.el7_4
  perl-TermReadKey.x86_64 0:2.30-20.el7
#å®‰è£…å®Œæ¯•

-----------------------------------------------------------
#è¿›å…¥æ–‡ä»¶å¤¹ï¼Œåˆ›å»ºç‰ˆæœ¬åº“
git init

[root@localhost wooght]# git init
åˆå§‹åŒ–ç©ºçš„ Git ç‰ˆæœ¬åº“äº /var/www/wooght/.git/

[root@localhost wooght]# vi test.txt
[root@localhost wooght]# ls
test.txt


-----------------------------------------------------------
#æ·»åŠ æš‚å­˜åŒº
[root@localhost wooght]# git add test.txt
#git add --all æ•´ä¸ªæ–‡ä»¶å¤¹æ·»åŠ åˆ°åº“
#æäº¤åˆ°ä»“åº“åˆ†æ”¯ -m "æœ¬æ¬¡æäº¤è¯´æ˜"
[root@localhost wooght]# git commit -m "create test.txt"
[masterï¼ˆæ ¹æäº¤ï¼‰ acf3d8d] create test.txt
 Committer: root <root@localhost.localdomain>
æ‚¨çš„å§“åå’Œé‚®ä»¶åœ°å€åŸºäºç™»å½•åå’Œä¸»æœºåè¿›è¡Œäº†è‡ªåŠ¨è®¾ç½®ã€‚è¯·æ£€æŸ¥å®ƒä»¬æ­£ç¡®
ä¸å¦ã€‚æ‚¨å¯ä»¥é€šè¿‡ä¸‹é¢çš„å‘½ä»¤å¯¹å…¶è¿›è¡Œæ˜ç¡®åœ°è®¾ç½®ä»¥å…å†å‡ºç°æœ¬æç¤ºä¿¡æ¯ï¼š

    git config --global user.name "Your Name"
    git config --global user.email you@example.com

è®¾ç½®å®Œæ¯•åï¼Œæ‚¨å¯ä»¥ç”¨ä¸‹é¢çš„å‘½ä»¤æ¥ä¿®æ­£æœ¬æ¬¡æäº¤æ‰€ä½¿ç”¨çš„ç”¨æˆ·èº«ä»½ï¼š

    git commit --amend --reset-author

 1 file changed, 4 insertions(+)
 create mode 100644 test.txt
#4 insertions è¯´æ˜æœ‰4è¡Œæ”¹åŠ¨

-----------------------------------------------------------
#æŸ¥çœ‹å½“å‰ä»“åº“çŠ¶æ€
[root@localhost wooght]# git status
# On branch master
# Changes not staged for commit: -å‘Šè¯‰æˆ‘ä»¬è¢«ä¿®æ”¹è¿‡ï¼Œä½†æ²¡æœ‰æäº¤
#   (use "git add <file>..." to update what will be committed)
#   (use "git checkout -- <file>..." to discard changes in working directory)
#
#	modified:   test.txt
#
no changes added to commit (use "git add" and/or "git commit -a")

-----------------------------------------------------------
#æŸ¥çœ‹å…·ä½“å˜åŠ¨
[root@localhost wooght]# git diff
diff --git a/test.txt b/test.txt
index 0a2561e..eb76abd 100644
--- a/test.txt
+++ b/test.txt
@@ -1,4 +1,4 @@
 <?php
        echo "git is ok";
-       echo "SVN is not ok";
+       echo "SVN is not ok,right?";
 ?>


-----------------------------------------------------------
#git log æŸ¥çœ‹æäº¤æ—¥è‡³
[root@localhost wooght]# git log
#git log æ·»åŠ å‚æ•° --pretty=oneline æ˜¾ç¤ºç®€è¦æ—¥å¿—
[root@localhost wooght]# git log --pretty=oneline

-----------------------------------------------------------
#å›é€€ï¼Œä»“åº“å’Œå·¥ä½œåŒºéƒ½ä¼šå›é€€ HEADæŒ‡å½“å‰ç‰ˆæœ¬ï¼ŒHEAD^ä¸Šä¸€ä¸ªç‰ˆæœ¬ï¼ŒHEAD~N ä¸ŠNä¸ªç‰ˆæœ¬
[root@localhost wooght]# git reset --hard HEAD^
HEAD is now at bdccc29 add right?

#å›åˆ°æœªæ¥çš„æŸä¸ªç‰ˆæœ¬ï¼Œ--hard ç‰ˆæœ¬å·ï¼ˆä¸éœ€è¦äº›å…¨ï¼Œå”¯ä¸€æˆ–è€…ä¸å†²çªå°±è¡Œï¼‰
[root@localhost wooght]# git reset --hard 361a

#git reflog æŸ¥çœ‹æ“ä½œå†å²
[root@localhost wooght]# git reflog
361a3fe HEAD@{0}: reset: moving to 361a
bdccc29 HEAD@{1}: reset: moving to HEAD^
361a3fe HEAD@{2}: commit: add start
bdccc29 HEAD@{3}: commit: add right?
acf3d8d HEAD@{4}: commit (initial): create test.txt

-----------------------------------------------------------
#æš‚å­˜åŒºçš„åº”ç”¨
#git add æ·»åŠ åˆ°æš‚å­˜åŒºï¼ŒåŠæš‚æ—¶ä¿®æ”¹çš„å†…å®¹ã€‚ç­‰ä¿®æ”¹å®Œæ¯•åï¼Œå†git commitæäº¤åˆ°åˆ†æ”¯ä¸Šã€‚
#å·¥ä½œåŒº--ã€‹æš‚å­˜åŒº--ã€‹ç‰ˆæœ¬åº“åˆ†æ”¯
[root@localhost wooght]# git status
# On branch master
# Changes not staged for commit:
#   (use "git add <file>..." to update what will be committed)
#   (use "git checkout -- <file>..." to discard changes in working directory)
#
#	modified:   test.txt
#
# Untracked files:
#   (use "git add <file>..." to include in what will be committed)
#
#	test2.txt
no changes added to commit (use "git add" and/or "git commit -a")
[root@localhost wooght]# git add test2.txt
[root@localhost wooght]# git add test.txt
[root@localhost wooght]# git status
# On branch master
# Changes to be committed:
#   (use "git reset HEAD <file>..." to unstage)
#
#	modified:   test.txt
#	new file:   test2.txt
#
[root@localhost wooght]# git commit -m "add file test2.txt,test.txt add new line"
[master 7b614c8] add file test2.txt,test.txt add new line
 2 files changed, 5 insertions(+)
 create mode 100644 test2.txt
[root@localhost wooght]# git status
# On branch master
nothing to commit, working directory clean
[root@localhost wooght]#


-----------------------------------------------------------
#ä¸¢å¼ƒå·¥ä½œåŒºçš„ä¿®æ”¹ï¼Œæ˜¯å·¥ä½œåŒºï¼Œä¸ä¼šæ”¹å˜æš‚å­˜åŒºå’Œç‰ˆæœ¬åº“
[root@localhost wooght]# git checkout -- test.txt

-----------------------------------------------------------
#åˆ é™¤æ–‡ä»¶
[root@localhost wooght]# git rm b.txt
rm 'b.txt'
[root@localhost wooght]# git status
# On branch master
# Changes to be committed:
#   (use "git reset HEAD <file>..." to unstage)
#
#	deleted:    b.txt
#
[root@localhost wooght]# git commit -m 'delete b'
[master 3214c1e] delete b
 1 file changed, 3 deletions(-)
 delete mode 100644 b.txt

-----------------------------------------------------------
#åˆ†æ”¯
#git branch æŸ¥çœ‹å½“å‰åˆ†æ”¯
#git branch name åˆ›å»ºnameåˆ†æ”¯
#git checkout name åˆ‡æ¢åˆ°nameåˆ†æ”¯
#git checkout -b dev
	ã€‚ã€‚åˆ›å»ºdevåˆ†æ”¯å¹¶åˆ‡æ¢åˆ°devåˆ†æ”¯
[root@localhost wooght]# git branch dev
[root@localhost wooght]# git branch
  dev
* master
[root@localhost wooght]# git checkout dev
Switched to branch 'dev'
[root@localhost wooght]# git branch
* dev
  master

[root@localhost wooght]# git checkout master
Switched to branch 'master'
[root@localhost wooght]# git branch
  dev
* master
#åˆå¹¶åˆ†æ”¯ git merge name åœ¨å½“å‰åˆ†æ”¯ä¸Šåˆå¹¶nameåˆ†æ”¯ä¸Šçš„å†…å®¹
[root@localhost wooght]# git merge dev
Updating b72fcd7..cceba32
Fast-forward --åªåˆå¹¶æ¨¡å¼
 c.txt | 1 +
 1 file changed, 1 insertion(+)
 create mode 100644 c.txt
#åˆ é™¤åˆ†æ”¯
[root@localhost wooght]# git branch -d dev
Deleted branch dev (was cceba32).
[root@localhost wooght]# git branch
* master


-----------------------------------------------------------
#è§£å†³åˆ†æ”¯å†²çª
[root@localhost wooght]# git status
# On branch master
# You have unmerged paths.
#   (fix conflicts and run "git commit")
#
# Unmerged paths:
#   (use "git add <file>..." to mark resolution)
#
#	both modified:      a.txt
#
no changes added to commit (use "git add" and/or "git commit -a")
[root@localhost wooght]# git status
# On branch master
# You have unmerged paths.
#   (fix conflicts and run "git commit")
#
# Unmerged paths:
#   (use "git add <file>..." to mark resolution)
#
#	both modified:      a.txt
#
no changes added to commit (use "git add" and/or "git commit -a")
[root@localhost wooght]# vi a.txt
<<<<<<< HEAD
200djlfj
=======
100djlfj
>>>>>>> dev
#<<<<<<< ======= >>>>> æ ‡æ³¨åˆ†æ”¯ä¸Šæœ‰å†²çªçš„åœ°æ–¹

-----------------------------------------------------------
#æŠŠæœ¬åœ°åº“æ¨é€åˆ°è¿œç¨‹åº“
#è¦å…³è”ä¸€ä¸ªè¿œç¨‹åº“ï¼Œä½¿ç”¨å‘½ä»¤git remote add origin git@server-name:path/repo-name.gitï¼›

#ç”±äºè¿œç¨‹åº“æ˜¯ç©ºçš„ï¼Œæˆ‘ä»¬ç¬¬ä¸€æ¬¡æ¨é€masteråˆ†æ”¯æ—¶ï¼ŒåŠ ä¸Šäº†-uå‚æ•°ï¼ŒGitä¸ä½†ä¼šæŠŠæœ¬åœ°çš„masteråˆ†æ”¯å†…å®¹æ¨é€çš„è¿œç¨‹æ–°çš„masteråˆ†æ”¯ï¼Œè¿˜ä¼šæŠŠæœ¬åœ°çš„masteråˆ†æ”¯å’Œè¿œç¨‹çš„masteråˆ†æ”¯å…³è”èµ·æ¥ï¼Œåœ¨ä»¥åçš„æ¨é€æˆ–è€…æ‹‰å–æ—¶å°±å¯ä»¥ç®€åŒ–å‘½ä»¤ã€‚
[root@localhost wooght]# git push -u origin master
Username for 'https://github.com': wooght
Password for 'https://wooght@github.com':
Counting objects: 42, done.
Delta compression using up to 4 threads.
Compressing objects: 100% (32/32), done.
Writing objects: 100% (42/42), 3.23 KiB | 0 bytes/s, done.
Total 42 (delta 11), reused 0 (delta 0)
remote: Resolving deltas: 100% (11/11), done.
To https://github.com/wooght/laravel_wooght.git
 * [new branch]      master -> master
Branch master set up to track remote branch master from origin.

å…³è”åï¼Œä½¿ç”¨å‘½ä»¤git push -u origin masterç¬¬ä¸€æ¬¡æ¨é€masteråˆ†æ”¯çš„æ‰€æœ‰å†…å®¹ï¼›
æ­¤åï¼Œæ¯æ¬¡æœ¬åœ°æäº¤åï¼Œåªè¦æœ‰å¿…è¦ï¼Œå°±å¯ä»¥ä½¿ç”¨å‘½ä»¤git push origin masteræ¨é€æœ€æ–°ä¿®æ”¹ï¼›
#è§£é™¤å…³è”
git remote remove origin
<<<<<<< HEAD

#å…‹éš†
git clone https://github.com/wooght/handbook.git æ–‡ä»¶å¤¹ #å…‹éš†åˆ°æŒ‡å®šæ–‡ä»¶å¤¹
=======
#¿ËÂ¡
git clone https://github.com/wooght/handbook.git ÎÄ¼ş¼Ğ #¿ËÂ¡µ½Ö¸¶¨ÎÄ¼ş¼Ğ
>>>>>>> wooght

git pull origin next:master #è·å–è¿œç¨‹nextçš„æ›´æ–°åˆ°æœ¬åœ°master

git fetch origin #è·å–è¿œç«¯æœ€æ–°ä¿¡æ¯
git fetch origin master #è·å–è¿œç«¯masterçš„æœ€æ–°ä¿¡æ¯
git diff test origin/xxx æœ¬åœ°test å’Œè¿œç«¯xxxåšæ¯”è¾ƒ

æš´åŠ›å…¨è¦†ç›–æœ¬åœ°ä»£ç 
git fetch --all
git reset --hard origin/master
git pull

å¼ºåˆ¶æäº¤æœ¬åœ°ä»£ç 
git push -u origin +master


-----------------------------
git fetch origin dev
git log -p dev..origin/dev
git merge origin/dev

git fetch origin dev:tmp
git diff tmp
git merge tmp
-----------------------------
ä»¥ä¸Šä¸¤éƒ¨åˆ†æ•ˆæœä¸€æ ·,ä¸‰è¡Œæ„æ€åˆ†åˆ«ä¸º:
ä»è¿œç«¯originçš„devåˆ†æ”¯ä¸Šä¸‹è½½æœ€æ–°å†…å®¹
å’Œæœ¬åœ°çš„devåˆ†æ”¯ä¸Šè¿›è¡Œæ¯”è¾ƒ
æœ€ååˆå¹¶

git checkout tmp config app/Http/Kernel.php #ä»tmpåˆ†æ”¯ä¸Šåˆå¹¶configæ–‡ä»¶å¤¹åŠkernel.phpåˆ°å½“å‰



-----------------------------------------------------------
#å…¶ä»–å¸¸ç”¨å‘½ä»¤
git add -i [<path>]å‘½ä»¤æŸ¥çœ‹<path>ä¸­è¢«æ‰€æœ‰ä¿®æ”¹è¿‡æˆ–å·²åˆ é™¤æ–‡ä»¶ä½†æ²¡æœ‰æäº¤çš„æ–‡ä»¶
git add <path> git ä¿®æ”¹ï¼ˆä¸å«å·²åˆ é™¤ï¼‰çš„æ–‡ä»¶ï¼Œåˆ¤æ–­å‡ºæ–°æ·»çš„æ–‡ä»¶ï¼Œå¹¶æŠŠå®ƒä»¬çš„ä¿¡æ¯æ·»åŠ åˆ°ç´¢å¼•åº“ä¸­ã€‚
git add -A: [<path>]è¡¨ç¤ºæŠŠ<path>ä¸­æ‰€æœ‰trackedæ–‡ä»¶ä¸­è¢«ä¿®æ”¹è¿‡æˆ–å·²åˆ é™¤æ–‡ä»¶å’Œæ‰€æœ‰untractedçš„æ–‡ä»¶ä¿¡æ¯æ·»åŠ åˆ°ç´¢å¼•åº“


#æ·»åŠ æ ‡ç­¾
git tag -a v1.4 -m 'è¯´æ˜' # æ–°å»ºæ ‡ç­¾
git tag  #ç½—åˆ—æ ‡ç­¾

<<<<<<< HEAD
ghp_Waokjg7IWOruoKsIOMwfHsR78GF7PA0sjpsx
=======
github tokens:  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
°ÑtokensÌí¼Óµ½Ô¶³ÌÁ¬½ÓÖĞ£º
git remote set-url origin https://(tokens)@github.com/(githubÓÃ»§Ãû)/(²Ö¿âÃû³Æ)
>>>>>>> wooght
